Command: /home/samaj/.espressif/python_env/idf6.0_py3.12_env/bin/python /home/samaj/esp/esp-idf/tools/idf_monitor.py -p /dev/ttyUSB0 -b 115200 --toolchain-prefix xtensa-esp32-elf- --target esp32 --revision 0 /home/samaj/Downloads/fetch-weather/dht11_sensor_node/build/dht11_sensor_node.elf /home/samaj/Downloads/fetch-weather/dht11_sensor_node/build/bootloader/bootloader.elf -m '/home/samaj/.espressif/python_env/idf6.0_py3.12_env/bin/python' '/home/samaj/esp/esp-idf/tools/idf.py' '-p' '/dev/ttyUSB0'
(633) wifi_init: rx ba win: 6
[0;32mI (633) wifi_init: accept mbox: 6[0m
[0;32mI (633) wifi_iniï¿½ets Jul 29 2019 12:21:46[0m

rst:0x1 (POWERON_RESET),boot:0x13 (SPI_FAST_FLASH_BOOT)
configsip: 0, SPIWP:0xee
clk_drv:0x00,q_drv:0x00,d_drv:0x00,cs0_drv:0x00,hd_drv:0x00,wp_drv:0x00
mode:DIO, clock div:2
load:0x3fff0030,len:6376
load:0x40078000,len:15864
load:0x40080400,len:3908
entry 0x40080644
[0;32mI (27) boot: ESP-IDF v6.0-dev-2039-g2044fba6e7 2nd stage bootloader[0m
[0;32mI (27) boot: compile time Sep 25 2025 00:35:27[0m
[0;32mI (28) boot: Multicore bootloader[0m
[0;32mI (30) boot: chip revision: v3.0[0m
[0;32mI (33) boot.esp32: SPI Speed      : 40MHz[0m
[0;32mI (37) boot.esp32: SPI Mode       : DIO[0m
[0;32mI (40) boot.esp32: SPI Flash Size : 2MB[0m
[0;32mI (44) boot: Enabling RNG early entropy source...[0m
[0;32mI (49) boot: Partition Table:[0m
[0;32mI (51) boot: ## Label            Usage          Type ST Offset   Length[0m
[0;32mI (57) boot:  0 nvs              WiFi data        01 02 00009000 00006000[0m
[0;32mI (64) boot:  1 phy_init         RF data          01 01 0000f000 00001000[0m
[0;32mI (71) boot:  2 factory          factory app      00 00 00010000 00100000[0m
[0;32mI (77) boot: End of partition table[0m
[0;32mI (80) esp_image: segment 0: paddr=00010020 vaddr=3f400020 size=1e084h (123012) map[0m
[0;32mI (132) esp_image: segment 1: paddr=0002e0ac vaddr=3ffb0000 size=01f6ch (  8044) load[0m
[0;32mI (135) esp_image: segment 2: paddr=00030020 vaddr=400d0020 size=a075ch (657244) map[0m
[0;32mI (370) esp_image: segment 3: paddr=000d0784 vaddr=3ffb1f6c size=021d0h (  8656) load[0m
[0;32mI (373) esp_image: segment 4: paddr=000d295c vaddr=40080000 size=15490h ( 87184) load[0m
[0;32mI (409) esp_image: segment 5: paddr=000e7df4 vaddr=50000000 size=00024h (    36) load[0m
[0;32mI (420) boot: Loaded app from partition at offset 0x10000[0m
[0;32mI (420) boot: Disabling RNG early entropy source...[0m
[0;32mI (431) cpu_start: Multicore app[0m
[0;32mI (439) cpu_start: GPIO 3 and 1 are used as console UART I/O pins[0m
[0;32mI (439) cpu_start: Pro cpu start user code[0m
[0;32mI (439) cpu_start: cpu freq: 160000000 Hz[0m
[0;32mI (441) app_init: Application information:[0m
[0;32mI (445) app_init: Project name:     dht11_sensor_node[0m
[0;32mI (449) app_init: App version:      36d1008-dirty[0m
[0;32mI (454) app_init: Compile time:     Sep 25 2025 00:36:58[0m
[0;32mI (459) app_init: ELF file SHA256:  d2adee3ed...[0m
[0;32mI (463) app_init: ESP-IDF:          v6.0-dev-2039-g2044fba6e7[0m
[0;32mI (469) efuse_init: Min chip rev:     v0.0[0m
[0;32mI (473) efuse_init: Max chip rev:     v3.99 [0m
[0;32mI (477) efuse_init: Chip rev:         v3.0[0m
[0;32mI (481) heap_init: Initializing. RAM available for dynamic allocation:[0m
[0;32mI (487) heap_init: At 3FFAE6E0 len 00001920 (6 KiB): DRAM[0m
[0;32mI (492) heap_init: At 3FFB8830 len 000277D0 (157 KiB): DRAM[0m
[0;32mI (497) heap_init: At 3FFE0440 len 00003AE0 (14 KiB): D/IRAM[0m
[0;32mI (502) heap_init: At 3FFE4350 len 0001BCB0 (111 KiB): D/IRAM[0m
[0;32mI (508) heap_init: At 40095490 len 0000AB70 (42 KiB): IRAM[0m
[0;32mI (515) spi_flash: detected chip: generic[0m
[0;32mI (517) spi_flash: flash io: dio[0m
[0;33mW (520) spi_flash: Detected size(4096k) larger than the size in the binary image header(2048k). Using the size in the binary image header.[0m
[0;32mI (533) main_task: Started on CPU0[0m
[0;32mI (543) main_task: Calling app_main()[0m
[0;32mI (583) wifi:wifi driver task: 3ffc07b0, prio:23, stack:6656, core=0[0m
[0;32mI (593) wifi:wifi firmware version: df85326[0m
[0;32mI (593) wifi:wifi certification version: v7.0[0m
[0;32mI (593) wifi:config NVS flash: enabled[0m
[0;32mI (593) wifi:config nano formatting: disabled[0m
[0;32mI (603) wifi:Init data frame dynamic rx buffer num: 32[0m
[0;32mI (603) wifi:Init static rx mgmt buffer num: 5[0m
[0;32mI (613) wifi:Init management short buffer num: 32[0m
[0;32mI (613) wifi:Init dynamic tx buffer num: 32[0m
[0;32mI (613) wifi:Init static rx buffer size: 1600[0m
[0;32mI (623) wifi:Init static rx buffer num: 10[0m
[0;32mI (623) wifi:Init dynamic rx buffer num: 32[0m
[0;32mI (633) wifi_init: rx ba win: 6[0m
[0;32mI (633) wifi_init: accept mbox: 6[0m
[0;32mI (633) wifi_init: tcpip mbox: 32[0m
[0;32mI (633) wifi_init: udp mbox: 6[0m
[0;32mI (643) wifi_init: tcp mbox: 6[0m
[0;32mI (643) wifi_init: tcp tx win: 5760[0m
[0;32mI (643) wifi_init: tcp rx win: 5760[0m
[0;32mI (653) wifi_init: tcp mss: 1440[0m
[0;32mI (653) wifi_init: WiFi IRAM OP enabled[0m
[0;32mI (653) wifi_init: WiFi RX IRAM OP enabled[0m
[0;32mI (683) phy_init: phy_version 4861,b71b5ad,Aug  5 2025,11:16:06[0m
[0;32mI (753) wifi:mode : sta (94:b5:55:f6:f5:90)[0m
[0;32mI (753) wifi:enable tsf[0m
[0;32mI (763) DHT11_SENSOR: wifi_init_sta finished.[0m
[0;32mI (763) main_task: Returned from app_main()[0m
[0;32mI (1633) wifi:new:<6,0>, old:<1,0>, ap:<255,255>, sta:<6,0>, prof:1, snd_ch_cfg:0x0[0m
[0;32mI (1633) wifi:state: init -> auth (0xb0)[0m
[0;32mI (1653) wifi:state: auth -> assoc (0x0)[0m
[0;32mI (1673) wifi:state: assoc -> run (0x10)[0m
[0;32mI (1713) wifi:connected with James, aid = 3, channel 6, BW20, bssid = 2e:05:ed:0d:ea:9c[0m
[0;32mI (1723) wifi:security: WPA2-PSK, phy: bgn, rssi: -68[0m
[0;32mI (1733) wifi:pm start, type: 1[0m

[0;32mI (1733) wifi:dp: 1, bi: 102400, li: 3, scale listen interval from 307200 us to 307200 us[0m
[0;32mI (1743) wifi:dp: 2, bi: 102400, li: 4, scale listen interval from 307200 us to 409600 us[0m
[0;32mI (1743) wifi:AP's beacon interval = 102400 us, DTIM period = 2[0m
[0;32mI (1753) wifi:<ba-add>idx:0 (ifx:0, 2e:05:ed:0d:ea:9c), tid:0, ssn:0, winSize:64[0m
[0;32mI (2783) esp_netif_handlers: sta ip: 192.168.67.25, mask: 255.255.255.0, gw: 192.168.67.248[0m
[0;32mI (2783) DHT11_SENSOR: got ip:192.168.67.25[0m
[0;32mI (5783) DHT11_SENSOR: Humidity: 60.0%, Temperature: 31.0C[0m
[1;31mE (10803) esp-tls: [sock=54] select() timeout[0m
[1;31mE (10803) transport_base: Failed to open a new connection: 32774[0m
[1;31mE (10803) HTTP_CLIENT: Connection failed, sock < 0[0m
[1;31mE (10803) DHT11_SENSOR: HTTP POST request failed: ESP_ERR_HTTP_CONNECT[0m
[0;32mI (15833) DHT11_SENSOR: Humidity: 60.0%, Temperature: 31.0C[0m
[1;31mE (20853) esp-tls: [sock=54] select() timeout[0m
[1;31mE (20853) transport_base: Failed to open a new connection: 32774[0m
[1;31mE (20853) HTTP_CLIENT: Connection failed, sock < 0[0m
[1;31mE (20853) DHT11_SENSOR: HTTP POST request failed: ESP_ERR_HTTP_CONNECT[0m
[0;32mI (25883) DHT11_SENSOR: Humidity: 60.0%, Temperature: 31.0C[0m
[1;31mE (30903) esp-tls: [sock=54] select() timeout[0m
[1;31mE (30903) transport_base: Failed to open a new connection: 32774[0m
[1;31mE (30903) HTTP_CLIENT: Connection failed, sock < 0[0m
[1;31mE (30903) DHT11_SENSOR: HTTP POST request failed: ESP_ERR_HTTP_CONNECT[0m
[0;32mI (35933) DHT11_SENSOR: Humidity: 60.0%, Temperature: 31.0C[0m
[1;31mE (40953) esp-tls: [sock=54] select() timeout[0m
[1;31mE (40953) transport_base: Failed to open a new connection: 32774[0m
[1;31mE (40953) HTTP_CLIENT: Connection failed, sock < 0[0m
[1;31mE (40953) DHT11_SENSOR: HTTP POST request failed: ESP_ERR_HTTP_CONNECT[0m
[0;32mI (45983) DHT11_SENSOR: Humidity: 60.0%, Temperature: 31.0C[0m
[1;31mE (51003) esp-tls: [sock=54] select() timeout[0m
[1;31mE (51003) transport_base: Failed to open a new connection: 32774[0m
[1;31mE (51003) HTTP_CLIENT: Connection failed, sock < 0[0m
[1;31mE (51003) DHT11_SENSOR: HTTP POST request failed: ESP_ERR_HTTP_CONNECT[0m
[0;32mI (56033) DHT11_SENSOR: Humidity: 60.0%, Temperature: 31.0C[0m
[1;31mE (61053) esp-tls: [sock=54] select() timeout[0m
[1;31mE (61053) transport_base: Failed to open a new connection: 32774[0m
[1;31mE (61053) HTTP_CLIENT: Connection failed, sock < 0[0m
[1;31mE (61053) DHT11_SENSOR: HTTP POST request failed: ESP_ERR_HTTP_CONNECT[0m
[0;32mI (66083) DHT11_SENSOR: Humidity: 60.0%, Temperature: 31.0C[0m
